
root@karthikeyan-vm-2:~/multibranch# git status
On branch master
Your branch is up to date with 'origin/master'.

nothing to commit, working tree clean
root@karthikeyan-vm-2:~/multibranch# git init
Reinitialized existing Git repository in /root/multibranch/.git/
root@karthikeyan-vm-2:~/multibranch# git push origin master
Username for 'https://github.com': karthikeyanrm
Password for 'https://karthikeyanrm@github.com':
Everything up-to-date
root@karthikeyan-vm-2:~/multibranch# git merge dev
Already up to date.
root@karthikeyan-vm-2:~/multibranch# git merge origin/dev
Already up to date.
root@karthikeyan-vm-2:~/multibranch# git checkout dev
Switched to branch 'dev'
Your branch is up to date with 'origin/dev'.
root@karthikeyan-vm-2
